<UIView; frame = (0 0; 300 400); autoresize = W+H; layer = <CALayer>>
   | <UIStackView; frame = (15 15; 270 370); layer = <CATransformLayer>>
   |    | <SheetyColors.PreviewColorView; frame = (0 0; 270 220); gestureRecognizers = <NSArray>; layer = <CALayer>>
   |    |    | <CALayer> (layer)
   |    |    | <CALayer> (layer)
   |    |    | <UIStackView; frame = (10 10; 146 45); layer = <CATransformLayer>>
   |    |    |    | <UIStackView; frame = (0 0; 130.333 17); layer = <CATransformLayer>>
   |    |    |    |    | <UILabel; frame = (0 0; 28.6667 17); text = 'RGB'; userInteractionEnabled = NO; layer = <_UILabelLayer>>
   |    |    |    |    | <UILabel; frame = (36.6667 0; 93.6667 17); text = '0 63 127 75%'; userInteractionEnabled = NO; layer = <_UILabelLayer>>
   |    |    |    | <UIStackView; frame = (0 25; 146 20); layer = <CATransformLayer>>
   |    |    |    |    | <UILabel; frame = (0 0; 28 17); text = 'HEX'; userInteractionEnabled = NO; layer = <_UILabelLayer>>
   |    |    |    |    | <SheetyColors.HexTextField; frame = (36 0; 110 20); layer = <CALayer>>
   |    |    |    |    |    | <UIStackView; frame = (0 0; 110 20); layer = <CATransformLayer>>
   |    |    |    |    |    |    | <UIStackView; frame = (0 0; 15 20); layer = <CATransformLayer>>
   |    |    |    |    |    |    |    | <UITextField; frame = (0 0; 15 17); text = '0'; opaque = NO; tintColor = UIExtendedGrayColorSpace 0 0; gestureRecognizers = <NSArray>; layer = <CALayer>>
   |    |    |    |    |    |    |    |    | <_UIBaselineLayoutStrut; frame = (0 0; 0 17); hidden = YES; userInteractionEnabled = NO; layer = <_UILabelLayer>>
   |    |    |    |    |    |    |    |    |    | <_UILabelContentLayer> (layer)
   |    |    |    |    |    |    |    |    | <_UITextFieldCanvasView; frame = (0 0; 15 17); opaque = NO; userInteractionEnabled = NO; layer = <_UITextTiledLayer>>
   |    |    |    |    |    |    |    | <UIView; frame = (0 19; 15 1); layer = <CALayer>>
   |    |    |    |    |    |    | <UIStackView; frame = (19 0; 15 20); layer = <CATransformLayer>>
   |    |    |    |    |    |    |    | <UITextField; frame = (0 0; 15 17); text = '0'; opaque = NO; tintColor = UIExtendedGrayColorSpace 0 0; gestureRecognizers = <NSArray>; layer = <CALayer>>
   |    |    |    |    |    |    |    |    | <_UIBaselineLayoutStrut; frame = (0 0; 0 17); hidden = YES; userInteractionEnabled = NO; layer = <_UILabelLayer>>
   |    |    |    |    |    |    |    |    |    | <_UILabelContentLayer> (layer)
   |    |    |    |    |    |    |    |    | <_UITextFieldCanvasView; frame = (0 0; 15 17); opaque = NO; userInteractionEnabled = NO; layer = <_UITextTiledLayer>>
   |    |    |    |    |    |    |    | <UIView; frame = (0 19; 15 1); layer = <CALayer>>
   |    |    |    |    |    |    | <UIStackView; frame = (38 0; 15 20); layer = <CATransformLayer>>
   |    |    |    |    |    |    |    | <UITextField; frame = (0 0; 15 17); text = '3'; opaque = NO; tintColor = UIExtendedGrayColorSpace 0 0; gestureRecognizers = <NSArray>; layer = <CALayer>>
   |    |    |    |    |    |    |    |    | <_UIBaselineLayoutStrut; frame = (0 0; 0 17); hidden = YES; userInteractionEnabled = NO; layer = <_UILabelLayer>>
   |    |    |    |    |    |    |    |    |    | <_UILabelContentLayer> (layer)
   |    |    |    |    |    |    |    |    | <_UITextFieldCanvasView; frame = (0 0; 15 17); opaque = NO; userInteractionEnabled = NO; layer = <_UITextTiledLayer>>
   |    |    |    |    |    |    |    | <UIView; frame = (0 19; 15 1); layer = <CALayer>>
   |    |    |    |    |    |    | <UIStackView; frame = (57 0; 15 20); layer = <CATransformLayer>>
   |    |    |    |    |    |    |    | <UITextField; frame = (0 0; 15 17); text = 'F'; opaque = NO; tintColor = UIExtendedGrayColorSpace 0 0; gestureRecognizers = <NSArray>; layer = <CALayer>>
   |    |    |    |    |    |    |    |    | <_UIBaselineLayoutStrut; frame = (0 0; 0 17); hidden = YES; userInteractionEnabled = NO; layer = <_UILabelLayer>>
   |    |    |    |    |    |    |    |    |    | <_UILabelContentLayer> (layer)
   |    |    |    |    |    |    |    |    | <_UITextFieldCanvasView; frame = (0 0; 15 17); opaque = NO; userInteractionEnabled = NO; layer = <_UITextTiledLayer>>
   |    |    |    |    |    |    |    | <UIView; frame = (0 19; 15 1); layer = <CALayer>>
   |    |    |    |    |    |    | <UIStackView; frame = (76 0; 15 20); layer = <CATransformLayer>>
   |    |    |    |    |    |    |    | <UITextField; frame = (0 0; 15 17); text = '7'; opaque = NO; tintColor = UIExtendedGrayColorSpace 0 0; gestureRecognizers = <NSArray>; layer = <CALayer>>
   |    |    |    |    |    |    |    |    | <_UIBaselineLayoutStrut; frame = (0 0; 0 17); hidden = YES; userInteractionEnabled = NO; layer = <_UILabelLayer>>
   |    |    |    |    |    |    |    |    |    | <_UILabelContentLayer> (layer)
   |    |    |    |    |    |    |    |    | <_UITextFieldCanvasView; frame = (0 0; 15 17); opaque = NO; userInteractionEnabled = NO; layer = <_UITextTiledLayer>>
   |    |    |    |    |    |    |    | <UIView; frame = (0 19; 15 1); layer = <CALayer>>
   |    |    |    |    |    |    | <UIStackView; frame = (95 0; 15 20); layer = <CATransformLayer>>
   |    |    |    |    |    |    |    | <UITextField; frame = (0 0; 15 17); text = 'F'; opaque = NO; tintColor = UIExtendedGrayColorSpace 0 0; gestureRecognizers = <NSArray>; layer = <CALayer>>
   |    |    |    |    |    |    |    |    | <_UIBaselineLayoutStrut; frame = (0 0; 0 17); hidden = YES; userInteractionEnabled = NO; layer = <_UILabelLayer>>
   |    |    |    |    |    |    |    |    |    | <_UILabelContentLayer> (layer)
   |    |    |    |    |    |    |    |    | <_UITextFieldCanvasView; frame = (0 0; 15 17); opaque = NO; userInteractionEnabled = NO; layer = <_UITextTiledLayer>>
   |    |    |    |    |    |    |    | <UIView; frame = (0 19; 15 1); layer = <CALayer>>
   |    |    |    |    |    | <UIButton; frame = (0 0; 110 20); opaque = NO; layer = <CALayer>>
   |    |    |    |    |    |    | <UIButtonLabel; frame = (0 0; 0 0); hidden = YES; opaque = NO; userInteractionEnabled = NO; layer = <_UILabelLayer>>
   |    |    |    |    |    |    |    | <_UILabelContentLayer> (layer)
   |    |    | <UIButton; frame = (235.667 10; 24.3333 23.6667); alpha = 0; opaque = NO; tintColor = UIExtendedGrayColorSpace 1 1; animations = { opacity=<CABasicAnimation>; }; layer = <CALayer>>
   |    |    |    | <UIImageView; frame = (0 0; 24.3333 23.6667); clipsToBounds = YES; opaque = NO; userInteractionEnabled = NO; layer = <CALayer>>
   |    | <SheetyColors.GradientSlider; baseClass = UIControl; frame = (-2 226; 274 48); layer = <CALayer>>
   |    |    | <CAGradientLayer> (layer)
   |    |    | <CALayer> (layer)
   |    |    |    | <CALayer> (layer)
   |    |    |    | <_TtC12SheetyColorsP33_484746A459ABDEEC544DEF4AF835257327VerticallyCenteredTextLayer> (layer)
   |    | <SheetyColors.GradientSlider; baseClass = UIControl; frame = (-2 276; 274 48); layer = <CALayer>>
   |    |    | <CAGradientLayer> (layer)
   |    |    | <CALayer> (layer)
   |    |    |    | <CALayer> (layer)
   |    |    |    | <_TtC12SheetyColorsP33_484746A459ABDEEC544DEF4AF835257327VerticallyCenteredTextLayer> (layer)
   |    | <SheetyColors.GradientSlider; baseClass = UIControl; frame = (-2 326; 274 48); layer = <CALayer>>
   |    |    | <CAGradientLayer> (layer)
   |    |    | <CALayer> (layer)
   |    |    |    | <CALayer> (layer)
   |    |    |    | <_TtC12SheetyColorsP33_484746A459ABDEEC544DEF4AF835257327VerticallyCenteredTextLayer> (layer)